  Geri y├╝klenecek projeler belirleniyor...
  Geri y├╝kleme i├ğin t├╝m projeler g├╝ncel.
  Domain -> C:\Users\osmanali.aydemir\Desktop\projects\getir\src\Domain\bin\Debug\net9.0\Domain.dll
C:\Users\osmanali.aydemir\Desktop\projects\getir\src\Application\Validators\MerchantValidators.cs(14,24): error CS1061: 'CreateMerchantRequest' bir 'CategoryId' tan─▒m─▒ i├ğermiyor ve 'CreateMerchantRequest' t├╝r├╝nde bir ilk ba─ş─▒ms─▒z de─şi┼şken kabul eden hi├ğbir eri┼şilebilir 'CategoryId' geni┼şletme y├Ântemi bulunamad─▒ (bir kullanma y├Ânergeniz veya derleme ba┼şvurunuz eksik olabilir mi?) [C:\Users\osmanali.aydemir\Desktop\projects\getir\src\Application\Application.csproj]
C:\Users\osmanali.aydemir\Desktop\projects\getir\src\Application\Services\Search\SearchService.cs(69,27): warning CS8603: Olas─▒ null ba┼şvuru d├Ân├╝┼ş├╝. [C:\Users\osmanali.aydemir\Desktop\projects\getir\src\Application\Application.csproj]
C:\Users\osmanali.aydemir\Desktop\projects\getir\src\Application\Common\ResultExtensions.cs(9,13): warning CA1062: D─▒┼şar─▒dan g├Âr├╝nen 'IResult ResultExtensions.ToIResult(Result result)' metodunda 'result' parametresini kullanmadan ├Ânce parametrenin null olmad─▒─ş─▒n─▒ do─şrulay─▒n. Uygunsa ba─ş─▒ms─▒z de─şi┼şken null oldu─şunda bir ÔÇİArgumentNullExceptionÔÇÖ olu┼şturun. (https://learn.microsoft.com/dotnet/fundamentals/code-analysis/quality-rules/ca1062) [C:\Users\osmanali.aydemir\Desktop\projects\getir\src\Application\Application.csproj]
C:\Users\osmanali.aydemir\Desktop\projects\getir\src\Application\Common\ResultExtensions.cs(27,13): warning CA1062: D─▒┼şar─▒dan g├Âr├╝nen 'IResult ResultExtensions.ToIResult<T>(Result<T> result)' metodunda 'result' parametresini kullanmadan ├Ânce parametrenin null olmad─▒─ş─▒n─▒ do─şrulay─▒n. Uygunsa ba─ş─▒ms─▒z de─şi┼şken null oldu─şunda bir ÔÇİArgumentNullExceptionÔÇÖ olu┼şturun. (https://learn.microsoft.com/dotnet/fundamentals/code-analysis/quality-rules/ca1062) [C:\Users\osmanali.aydemir\Desktop\projects\getir\src\Application\Application.csproj]
C:\Users\osmanali.aydemir\Desktop\projects\getir\src\Application\Services\Addresses\UserAddressService.cs(52,21): warning CA1062: D─▒┼şar─▒dan g├Âr├╝nen 'Task<Result<AddressResponse>> UserAddressService.AddAddressAsync(Guid userId, CreateAddressRequest request, CancellationToken cancellationToken = default(CancellationToken))' metodunda 'request' parametresini kullanmadan ├Ânce parametrenin null olmad─▒─ş─▒n─▒ do─şrulay─▒n. Uygunsa ba─ş─▒ms─▒z de─şi┼şken null oldu─şunda bir ÔÇİArgumentNullExceptionÔÇÖ olu┼şturun. (https://learn.microsoft.com/dotnet/fundamentals/code-analysis/quality-rules/ca1062) [C:\Users\osmanali.aydemir\Desktop\projects\getir\src\Application\Application.csproj]
C:\Users\osmanali.aydemir\Desktop\projects\getir\src\Application\Services\Campaigns\CampaignService.cs(26,19): warning CA1062: D─▒┼şar─▒dan g├Âr├╝nen 'Task<Result<PagedResult<CampaignResponse>>> CampaignService.GetActiveCampaignsAsync(PaginationQuery query, CancellationToken cancellationToken = default(CancellationToken))' metodunda 'query' parametresini kullanmadan ├Ânce parametrenin null olmad─▒─ş─▒n─▒ do─şrulay─▒n. Uygunsa ba─ş─▒ms─▒z de─şi┼şken null oldu─şunda bir ÔÇİArgumentNullExceptionÔÇÖ olu┼şturun. (https://learn.microsoft.com/dotnet/fundamentals/code-analysis/quality-rules/ca1062) [C:\Users\osmanali.aydemir\Desktop\projects\getir\src\Application\Application.csproj]
C:\Users\osmanali.aydemir\Desktop\projects\getir\src\Application\Services\ServiceCategories\ServiceCategoryService.cs(25,19): warning CA1062: D─▒┼şar─▒dan g├Âr├╝nen 'Task<Result<PagedResult<ServiceCategoryResponse>>> ServiceCategoryService.GetServiceCategoriesAsync(PaginationQuery query, CancellationToken cancellationToken = default(CancellationToken))' metodunda 'query' parametresini kullanmadan ├Ânce parametrenin null olmad─▒─ş─▒n─▒ do─şrulay─▒n. Uygunsa ba─ş─▒ms─▒z de─şi┼şken null oldu─şunda bir ÔÇİArgumentNullExceptionÔÇÖ olu┼şturun. (https://learn.microsoft.com/dotnet/fundamentals/code-analysis/quality-rules/ca1062) [C:\Users\osmanali.aydemir\Desktop\projects\getir\src\Application\Application.csproj]
C:\Users\osmanali.aydemir\Desktop\projects\getir\src\Application\Services\Auth\AuthService.cs(45,21): warning CA1062: D─▒┼şar─▒dan g├Âr├╝nen 'Task<Result<AuthResponse>> AuthService.RegisterAsync(RegisterRequest request, CancellationToken cancellationToken = default(CancellationToken))' metodunda 'request' parametresini kullanmadan ├Ânce parametrenin null olmad─▒─ş─▒n─▒ do─şrulay─▒n. Uygunsa ba─ş─▒ms─▒z de─şi┼şken null oldu─şunda bir ÔÇİArgumentNullExceptionÔÇÖ olu┼şturun. (https://learn.microsoft.com/dotnet/fundamentals/code-analysis/quality-rules/ca1062) [C:\Users\osmanali.aydemir\Desktop\projects\getir\src\Application\Application.csproj]
C:\Users\osmanali.aydemir\Desktop\projects\getir\src\Application\Services\ServiceCategories\ServiceCategoryService.cs(81,20): warning CA1062: D─▒┼şar─▒dan g├Âr├╝nen 'Task<Result<ServiceCategoryResponse>> ServiceCategoryService.CreateServiceCategoryAsync(CreateServiceCategoryRequest request, CancellationToken cancellationToken = default(CancellationToken))' metodunda 'request' parametresini kullanmadan ├Ânce parametrenin null olmad─▒─ş─▒n─▒ do─şrulay─▒n. Uygunsa ba─ş─▒ms─▒z de─şi┼şken null oldu─şunda bir ÔÇİArgumentNullExceptionÔÇÖ olu┼şturun. (https://learn.microsoft.com/dotnet/fundamentals/code-analysis/quality-rules/ca1062) [C:\Users\osmanali.aydemir\Desktop\projects\getir\src\Application\Application.csproj]
C:\Users\osmanali.aydemir\Desktop\projects\getir\src\Application\Services\Coupons\CouponService.cs(27,92): warning CA1062: D─▒┼şar─▒dan g├Âr├╝nen 'Task<Result<CouponValidationResponse>> CouponService.ValidateCouponAsync(Guid userId, ValidateCouponRequest request, CancellationToken cancellationToken = default(CancellationToken))' metodunda 'request' parametresini kullanmadan ├Ânce parametrenin null olmad─▒─ş─▒n─▒ do─şrulay─▒n. Uygunsa ba─ş─▒ms─▒z de─şi┼şken null oldu─şunda bir ÔÇİArgumentNullExceptionÔÇÖ olu┼şturun. (https://learn.microsoft.com/dotnet/fundamentals/code-analysis/quality-rules/ca1062) [C:\Users\osmanali.aydemir\Desktop\projects\getir\src\Application\Application.csproj]
C:\Users\osmanali.aydemir\Desktop\projects\getir\src\Application\Services\Addresses\UserAddressService.cs(104,25): warning CA1062: D─▒┼şar─▒dan g├Âr├╝nen 'Task<Result<AddressResponse>> UserAddressService.UpdateAddressAsync(Guid userId, Guid addressId, UpdateAddressRequest request, CancellationToken cancellationToken = default(CancellationToken))' metodunda 'request' parametresini kullanmadan ├Ânce parametrenin null olmad─▒─ş─▒n─▒ do─şrulay─▒n. Uygunsa ba─ş─▒ms─▒z de─şi┼şken null oldu─şunda bir ÔÇİArgumentNullExceptionÔÇÖ olu┼şturun. (https://learn.microsoft.com/dotnet/fundamentals/code-analysis/quality-rules/ca1062) [C:\Users\osmanali.aydemir\Desktop\projects\getir\src\Application\Application.csproj]
C:\Users\osmanali.aydemir\Desktop\projects\getir\src\Application\Services\Couriers\CourierService.cs(28,19): warning CA1062: D─▒┼şar─▒dan g├Âr├╝nen 'Task<Result<PagedResult<CourierOrderResponse>>> CourierService.GetAssignedOrdersAsync(Guid courierId, PaginationQuery query, CancellationToken cancellationToken = default(CancellationToken))' metodunda 'query' parametresini kullanmadan ├Ânce parametrenin null olmad─▒─ş─▒n─▒ do─şrulay─▒n. Uygunsa ba─ş─▒ms─▒z de─şi┼şken null oldu─şunda bir ÔÇİArgumentNullExceptionÔÇÖ olu┼şturun. (https://learn.microsoft.com/dotnet/fundamentals/code-analysis/quality-rules/ca1062) [C:\Users\osmanali.aydemir\Desktop\projects\getir\src\Application\Application.csproj]
C:\Users\osmanali.aydemir\Desktop\projects\getir\src\Application\Services\Coupons\CouponService.cs(81,20): warning CA1062: D─▒┼şar─▒dan g├Âr├╝nen 'Task<Result<CouponResponse>> CouponService.CreateCouponAsync(CreateCouponRequest request, CancellationToken cancellationToken = default(CancellationToken))' metodunda 'request' parametresini kullanmadan ├Ânce parametrenin null olmad─▒─ş─▒n─▒ do─şrulay─▒n. Uygunsa ba─ş─▒ms─▒z de─şi┼şken null oldu─şunda bir ÔÇİArgumentNullExceptionÔÇÖ olu┼şturun. (https://learn.microsoft.com/dotnet/fundamentals/code-analysis/quality-rules/ca1062) [C:\Users\osmanali.aydemir\Desktop\projects\getir\src\Application\Application.csproj]
C:\Users\osmanali.aydemir\Desktop\projects\getir\src\Application\Services\Couriers\CourierService.cs(105,31): warning CA1062: D─▒┼şar─▒dan g├Âr├╝nen 'Task<Result> CourierService.SetAvailabilityAsync(Guid courierId, SetAvailabilityRequest request, CancellationToken cancellationToken = default(CancellationToken))' metodunda 'request' parametresini kullanmadan ├Ânce parametrenin null olmad─▒─ş─▒n─▒ do─şrulay─▒n. Uygunsa ba─ş─▒ms─▒z de─şi┼şken null oldu─şunda bir ÔÇİArgumentNullExceptionÔÇÖ olu┼şturun. (https://learn.microsoft.com/dotnet/fundamentals/code-analysis/quality-rules/ca1062) [C:\Users\osmanali.aydemir\Desktop\projects\getir\src\Application\Application.csproj]
C:\Users\osmanali.aydemir\Desktop\projects\getir\src\Application\Services\Merchants\MerchantService.cs(24,24): warning CA1062: D─▒┼şar─▒dan g├Âr├╝nen 'Task<Result<PagedResult<MerchantResponse>>> MerchantService.GetMerchantsAsync(PaginationQuery query, CancellationToken cancellationToken = default(CancellationToken))' metodunda 'query' parametresini kullanmadan ├Ânce parametrenin null olmad─▒─ş─▒n─▒ do─şrulay─▒n. Uygunsa ba─ş─▒ms─▒z de─şi┼şken null oldu─şunda bir ÔÇİArgumentNullExceptionÔÇÖ olu┼şturun. (https://learn.microsoft.com/dotnet/fundamentals/code-analysis/quality-rules/ca1062) [C:\Users\osmanali.aydemir\Desktop\projects\getir\src\Application\Application.csproj]
C:\Users\osmanali.aydemir\Desktop\projects\getir\src\Application\Services\Couriers\CourierService.cs(64,35): warning CA1062: D─▒┼şar─▒dan g├Âr├╝nen 'Task<Result> CourierService.UpdateLocationAsync(Guid courierId, CourierLocationUpdateRequest request, CancellationToken cancellationToken = default(CancellationToken))' metodunda 'request' parametresini kullanmadan ├Ânce parametrenin null olmad─▒─ş─▒n─▒ do─şrulay─▒n. Uygunsa ba─ş─▒ms─▒z de─şi┼şken null oldu─şunda bir ÔÇİArgumentNullExceptionÔÇÖ olu┼şturun. (https://learn.microsoft.com/dotnet/fundamentals/code-analysis/quality-rules/ca1062) [C:\Users\osmanali.aydemir\Desktop\projects\getir\src\Application\Application.csproj]
C:\Users\osmanali.aydemir\Desktop\projects\getir\src\Application\Services\ServiceCategories\ServiceCategoryService.cs(120,25): warning CA1062: D─▒┼şar─▒dan g├Âr├╝nen 'Task<Result<ServiceCategoryResponse>> ServiceCategoryService.UpdateServiceCategoryAsync(Guid id, UpdateServiceCategoryRequest request, CancellationToken cancellationToken = default(CancellationToken))' metodunda 'request' parametresini kullanmadan ├Ânce parametrenin null olmad─▒─ş─▒n─▒ do─şrulay─▒n. Uygunsa ba─ş─▒ms─▒z de─şi┼şken null oldu─şunda bir ÔÇİArgumentNullExceptionÔÇÖ olu┼şturun. (https://learn.microsoft.com/dotnet/fundamentals/code-analysis/quality-rules/ca1062) [C:\Users\osmanali.aydemir\Desktop\projects\getir\src\Application\Application.csproj]
C:\Users\osmanali.aydemir\Desktop\projects\getir\src\Application\Services\Auth\AuthService.cs(105,45): warning CA1062: D─▒┼şar─▒dan g├Âr├╝nen 'Task<Result<AuthResponse>> AuthService.LoginAsync(LoginRequest request, CancellationToken cancellationToken = default(CancellationToken))' metodunda 'request' parametresini kullanmadan ├Ânce parametrenin null olmad─▒─ş─▒n─▒ do─şrulay─▒n. Uygunsa ba─ş─▒ms─▒z de─şi┼şken null oldu─şunda bir ÔÇİArgumentNullExceptionÔÇÖ olu┼şturun. (https://learn.microsoft.com/dotnet/fundamentals/code-analysis/quality-rules/ca1062) [C:\Users\osmanali.aydemir\Desktop\projects\getir\src\Application\Application.csproj]
C:\Users\osmanali.aydemir\Desktop\projects\getir\src\Application\Services\Coupons\CouponService.cs(126,19): warning CA1062: D─▒┼şar─▒dan g├Âr├╝nen 'Task<Result<PagedResult<CouponResponse>>> CouponService.GetCouponsAsync(PaginationQuery query, CancellationToken cancellationToken = default(CancellationToken))' metodunda 'query' parametresini kullanmadan ├Ânce parametrenin null olmad─▒─ş─▒n─▒ do─şrulay─▒n. Uygunsa ba─ş─▒ms─▒z de─şi┼şken null oldu─şunda bir ÔÇİArgumentNullExceptionÔÇÖ olu┼şturun. (https://learn.microsoft.com/dotnet/fundamentals/code-analysis/quality-rules/ca1062) [C:\Users\osmanali.aydemir\Desktop\projects\getir\src\Application\Application.csproj]
C:\Users\osmanali.aydemir\Desktop\projects\getir\src\Application\Services\Notifications\NotificationService.cs(28,19): warning CA1062: D─▒┼şar─▒dan g├Âr├╝nen 'Task<Result<PagedResult<NotificationResponse>>> NotificationService.GetUserNotificationsAsync(Guid userId, PaginationQuery query, CancellationToken cancellationToken = default(CancellationToken))' metodunda 'query' parametresini kullanmadan ├Ânce parametrenin null olmad─▒─ş─▒n─▒ do─şrulay─▒n. Uygunsa ba─ş─▒ms─▒z de─şi┼şken null oldu─şunda bir ÔÇİArgumentNullExceptionÔÇÖ olu┼şturun. (https://learn.microsoft.com/dotnet/fundamentals/code-analysis/quality-rules/ca1062) [C:\Users\osmanali.aydemir\Desktop\projects\getir\src\Application\Application.csproj]
C:\Users\osmanali.aydemir\Desktop\projects\getir\src\Application\Services\Notifications\NotificationService.cs(81,22): warning CA1062: D─▒┼şar─▒dan g├Âr├╝nen 'Task<Result<NotificationResponse>> NotificationService.CreateNotificationAsync(CreateNotificationRequest request, CancellationToken cancellationToken = default(CancellationToken))' metodunda 'request' parametresini kullanmadan ├Ânce parametrenin null olmad─▒─ş─▒n─▒ do─şrulay─▒n. Uygunsa ba─ş─▒ms─▒z de─şi┼şken null oldu─şunda bir ÔÇİArgumentNullExceptionÔÇÖ olu┼şturun. (https://learn.microsoft.com/dotnet/fundamentals/code-analysis/quality-rules/ca1062) [C:\Users\osmanali.aydemir\Desktop\projects\getir\src\Application\Application.csproj]
C:\Users\osmanali.aydemir\Desktop\projects\getir\src\Application\Services\Merchants\MerchantService.cs(120,20): warning CA1062: D─▒┼şar─▒dan g├Âr├╝nen 'Task<Result<MerchantResponse>> MerchantService.CreateMerchantAsync(CreateMerchantRequest request, Guid ownerId, CancellationToken cancellationToken = default(CancellationToken))' metodunda 'request' parametresini kullanmadan ├Ânce parametrenin null olmad─▒─ş─▒n─▒ do─şrulay─▒n. Uygunsa ba─ş─▒ms─▒z de─şi┼şken null oldu─şunda bir ÔÇİArgumentNullExceptionÔÇÖ olu┼şturun. (https://learn.microsoft.com/dotnet/fundamentals/code-analysis/quality-rules/ca1062) [C:\Users\osmanali.aydemir\Desktop\projects\getir\src\Application\Application.csproj]
C:\Users\osmanali.aydemir\Desktop\projects\getir\src\Application\Services\Merchants\MerchantService.cs(187,25): warning CA1062: D─▒┼şar─▒dan g├Âr├╝nen 'Task<Result<MerchantResponse>> MerchantService.UpdateMerchantAsync(Guid id, UpdateMerchantRequest request, Guid currentUserId, CancellationToken cancellationToken = default(CancellationToken))' metodunda 'request' parametresini kullanmadan ├Ânce parametrenin null olmad─▒─ş─▒n─▒ do─şrulay─▒n. Uygunsa ba─ş─▒ms─▒z de─şi┼şken null oldu─şunda bir ÔÇİArgumentNullExceptionÔÇÖ olu┼şturun. (https://learn.microsoft.com/dotnet/fundamentals/code-analysis/quality-rules/ca1062) [C:\Users\osmanali.aydemir\Desktop\projects\getir\src\Application\Application.csproj]
C:\Users\osmanali.aydemir\Desktop\projects\getir\src\Application\Services\Cart\CartService.cs(148,29): warning CA1062: D─▒┼şar─▒dan g├Âr├╝nen 'Task<Result<CartItemResponse>> CartService.UpdateItemAsync(Guid userId, Guid itemId, UpdateCartItemRequest request, CancellationToken cancellationToken = default(CancellationToken))' metodunda 'request' parametresini kullanmadan ├Ânce parametrenin null olmad─▒─ş─▒n─▒ do─şrulay─▒n. Uygunsa ba─ş─▒ms─▒z de─şi┼şken null oldu─şunda bir ÔÇİArgumentNullExceptionÔÇÖ olu┼şturun. (https://learn.microsoft.com/dotnet/fundamentals/code-analysis/quality-rules/ca1062) [C:\Users\osmanali.aydemir\Desktop\projects\getir\src\Application\Application.csproj]
C:\Users\osmanali.aydemir\Desktop\projects\getir\src\Application\Services\ProductCategories\ProductCategoryService.cs(100,13): warning CA1062: D─▒┼şar─▒dan g├Âr├╝nen 'Task<Result<ProductCategoryResponse>> ProductCategoryService.CreateProductCategoryAsync(CreateProductCategoryRequest request, Guid merchantId, CancellationToken cancellationToken = default(CancellationToken))' metodunda 'request' parametresini kullanmadan ├Ânce parametrenin null olmad─▒─ş─▒n─▒ do─şrulay─▒n. Uygunsa ba─ş─▒ms─▒z de─şi┼şken null oldu─şunda bir ÔÇİArgumentNullExceptionÔÇÖ olu┼şturun. (https://learn.microsoft.com/dotnet/fundamentals/code-analysis/quality-rules/ca1062) [C:\Users\osmanali.aydemir\Desktop\projects\getir\src\Application\Application.csproj]
C:\Users\osmanali.aydemir\Desktop\projects\getir\src\Application\Services\Cart\CartService.cs(69,80): warning CA1062: D─▒┼şar─▒dan g├Âr├╝nen 'Task<Result<CartItemResponse>> CartService.AddItemAsync(Guid userId, AddToCartRequest request, CancellationToken cancellationToken = default(CancellationToken))' metodunda 'request' parametresini kullanmadan ├Ânce parametrenin null olmad─▒─ş─▒n─▒ do─şrulay─▒n. Uygunsa ba─ş─▒ms─▒z de─şi┼şken null oldu─şunda bir ÔÇİArgumentNullExceptionÔÇÖ olu┼şturun. (https://learn.microsoft.com/dotnet/fundamentals/code-analysis/quality-rules/ca1062) [C:\Users\osmanali.aydemir\Desktop\projects\getir\src\Application\Application.csproj]
C:\Users\osmanali.aydemir\Desktop\projects\getir\src\Application\Services\Products\ProductService.cs(26,19): warning CA1062: D─▒┼şar─▒dan g├Âr├╝nen 'Task<Result<PagedResult<ProductResponse>>> ProductService.GetProductsByMerchantAsync(Guid merchantId, PaginationQuery query, CancellationToken cancellationToken = default(CancellationToken))' metodunda 'query' parametresini kullanmadan ├Ânce parametrenin null olmad─▒─ş─▒n─▒ do─şrulay─▒n. Uygunsa ba─ş─▒ms─▒z de─şi┼şken null oldu─şunda bir ÔÇİArgumentNullExceptionÔÇÖ olu┼şturun. (https://learn.microsoft.com/dotnet/fundamentals/code-analysis/quality-rules/ca1062) [C:\Users\osmanali.aydemir\Desktop\projects\getir\src\Application\Application.csproj]
C:\Users\osmanali.aydemir\Desktop\projects\getir\src\Application\Services\Search\SearchService.cs(30,19): warning CA1062: D─▒┼şar─▒dan g├Âr├╝nen 'Task<Result<PagedResult<ProductResponse>>> SearchService.SearchProductsAsync(SearchProductsQuery query, CancellationToken cancellationToken = default(CancellationToken))' metodunda 'query' parametresini kullanmadan ├Ânce parametrenin null olmad─▒─ş─▒n─▒ do─şrulay─▒n. Uygunsa ba─ş─▒ms─▒z de─şi┼şken null oldu─şunda bir ÔÇİArgumentNullExceptionÔÇÖ olu┼şturun. (https://learn.microsoft.com/dotnet/fundamentals/code-analysis/quality-rules/ca1062) [C:\Users\osmanali.aydemir\Desktop\projects\getir\src\Application\Application.csproj]
C:\Users\osmanali.aydemir\Desktop\projects\getir\src\Application\Services\Products\ProductService.cs(153,24): warning CA1062: D─▒┼şar─▒dan g├Âr├╝nen 'Task<Result<ProductResponse>> ProductService.UpdateProductAsync(Guid id, UpdateProductRequest request, CancellationToken cancellationToken = default(CancellationToken))' metodunda 'request' parametresini kullanmadan ├Ânce parametrenin null olmad─▒─ş─▒n─▒ do─şrulay─▒n. Uygunsa ba─ş─▒ms─▒z de─şi┼şken null oldu─şunda bir ÔÇİArgumentNullExceptionÔÇÖ olu┼şturun. (https://learn.microsoft.com/dotnet/fundamentals/code-analysis/quality-rules/ca1062) [C:\Users\osmanali.aydemir\Desktop\projects\getir\src\Application\Application.csproj]
C:\Users\osmanali.aydemir\Desktop\projects\getir\src\Application\Services\Products\ProductService.cs(101,26): warning CA1062: D─▒┼şar─▒dan g├Âr├╝nen 'Task<Result<ProductResponse>> ProductService.CreateProductAsync(CreateProductRequest request, CancellationToken cancellationToken = default(CancellationToken))' metodunda 'request' parametresini kullanmadan ├Ânce parametrenin null olmad─▒─ş─▒n─▒ do─şrulay─▒n. Uygunsa ba─ş─▒ms─▒z de─şi┼şken null oldu─şunda bir ÔÇİArgumentNullExceptionÔÇÖ olu┼şturun. (https://learn.microsoft.com/dotnet/fundamentals/code-analysis/quality-rules/ca1062) [C:\Users\osmanali.aydemir\Desktop\projects\getir\src\Application\Application.csproj]
C:\Users\osmanali.aydemir\Desktop\projects\getir\src\Application\Services\Search\SearchService.cs(71,19): warning CA1062: D─▒┼şar─▒dan g├Âr├╝nen 'Task<Result<PagedResult<MerchantResponse>>> SearchService.SearchMerchantsAsync(SearchMerchantsQuery query, CancellationToken cancellationToken = default(CancellationToken))' metodunda 'query' parametresini kullanmadan ├Ânce parametrenin null olmad─▒─ş─▒n─▒ do─şrulay─▒n. Uygunsa ba─ş─▒ms─▒z de─şi┼şken null oldu─şunda bir ÔÇİArgumentNullExceptionÔÇÖ olu┼şturun. (https://learn.microsoft.com/dotnet/fundamentals/code-analysis/quality-rules/ca1062) [C:\Users\osmanali.aydemir\Desktop\projects\getir\src\Application\Application.csproj]
C:\Users\osmanali.aydemir\Desktop\projects\getir\src\Application\Services\ProductCategories\ProductCategoryService.cs(178,13): warning CA1062: D─▒┼şar─▒dan g├Âr├╝nen 'Task<Result<ProductCategoryResponse>> ProductCategoryService.UpdateProductCategoryAsync(Guid id, UpdateProductCategoryRequest request, Guid currentUserId, CancellationToken cancellationToken = default(CancellationToken))' metodunda 'request' parametresini kullanmadan ├Ânce parametrenin null olmad─▒─ş─▒n─▒ do─şrulay─▒n. Uygunsa ba─ş─▒ms─▒z de─şi┼şken null oldu─şunda bir ÔÇİArgumentNullExceptionÔÇÖ olu┼şturun. (https://learn.microsoft.com/dotnet/fundamentals/code-analysis/quality-rules/ca1062) [C:\Users\osmanali.aydemir\Desktop\projects\getir\src\Application\Application.csproj]
C:\Users\osmanali.aydemir\Desktop\projects\getir\src\Application\Services\Orders\OrderService.cs(233,24): warning CA1062: D─▒┼şar─▒dan g├Âr├╝nen 'Task<Result<PagedResult<OrderResponse>>> OrderService.GetUserOrdersAsync(Guid userId, PaginationQuery query, CancellationToken cancellationToken = default(CancellationToken))' metodunda 'query' parametresini kullanmadan ├Ânce parametrenin null olmad─▒─ş─▒n─▒ do─şrulay─▒n. Uygunsa ba─ş─▒ms─▒z de─şi┼şken null oldu─şunda bir ÔÇİArgumentNullExceptionÔÇÖ olu┼şturun. (https://learn.microsoft.com/dotnet/fundamentals/code-analysis/quality-rules/ca1062) [C:\Users\osmanali.aydemir\Desktop\projects\getir\src\Application\Application.csproj]
C:\Users\osmanali.aydemir\Desktop\projects\getir\src\Application\Services\Orders\OrderService.cs(42,34): warning CA1062: D─▒┼şar─▒dan g├Âr├╝nen 'Task<Result<OrderResponse>> OrderService.CreateOrderAsync(Guid userId, CreateOrderRequest request, CancellationToken cancellationToken = default(CancellationToken))' metodunda 'request' parametresini kullanmadan ├Ânce parametrenin null olmad─▒─ş─▒n─▒ do─şrulay─▒n. Uygunsa ba─ş─▒ms─▒z de─şi┼şken null oldu─şunda bir ÔÇİArgumentNullExceptionÔÇÖ olu┼şturun. (https://learn.microsoft.com/dotnet/fundamentals/code-analysis/quality-rules/ca1062) [C:\Users\osmanali.aydemir\Desktop\projects\getir\src\Application\Application.csproj]

Olu┼şturma BA┼ŞARISIZ OLDU.

C:\Users\osmanali.aydemir\Desktop\projects\getir\src\Application\Services\Search\SearchService.cs(69,27): warning CS8603: Olas─▒ null ba┼şvuru d├Ân├╝┼ş├╝. [C:\Users\osmanali.aydemir\Desktop\projects\getir\src\Application\Application.csproj]
C:\Users\osmanali.aydemir\Desktop\projects\getir\src\Application\Common\ResultExtensions.cs(9,13): warning CA1062: D─▒┼şar─▒dan g├Âr├╝nen 'IResult ResultExtensions.ToIResult(Result result)' metodunda 'result' parametresini kullanmadan ├Ânce parametrenin null olmad─▒─ş─▒n─▒ do─şrulay─▒n. Uygunsa ba─ş─▒ms─▒z de─şi┼şken null oldu─şunda bir ÔÇİArgumentNullExceptionÔÇÖ olu┼şturun. (https://learn.microsoft.com/dotnet/fundamentals/code-analysis/quality-rules/ca1062) [C:\Users\osmanali.aydemir\Desktop\projects\getir\src\Application\Application.csproj]
C:\Users\osmanali.aydemir\Desktop\projects\getir\src\Application\Common\ResultExtensions.cs(27,13): warning CA1062: D─▒┼şar─▒dan g├Âr├╝nen 'IResult ResultExtensions.ToIResult<T>(Result<T> result)' metodunda 'result' parametresini kullanmadan ├Ânce parametrenin null olmad─▒─ş─▒n─▒ do─şrulay─▒n. Uygunsa ba─ş─▒ms─▒z de─şi┼şken null oldu─şunda bir ÔÇİArgumentNullExceptionÔÇÖ olu┼şturun. (https://learn.microsoft.com/dotnet/fundamentals/code-analysis/quality-rules/ca1062) [C:\Users\osmanali.aydemir\Desktop\projects\getir\src\Application\Application.csproj]
C:\Users\osmanali.aydemir\Desktop\projects\getir\src\Application\Services\Addresses\UserAddressService.cs(52,21): warning CA1062: D─▒┼şar─▒dan g├Âr├╝nen 'Task<Result<AddressResponse>> UserAddressService.AddAddressAsync(Guid userId, CreateAddressRequest request, CancellationToken cancellationToken = default(CancellationToken))' metodunda 'request' parametresini kullanmadan ├Ânce parametrenin null olmad─▒─ş─▒n─▒ do─şrulay─▒n. Uygunsa ba─ş─▒ms─▒z de─şi┼şken null oldu─şunda bir ÔÇİArgumentNullExceptionÔÇÖ olu┼şturun. (https://learn.microsoft.com/dotnet/fundamentals/code-analysis/quality-rules/ca1062) [C:\Users\osmanali.aydemir\Desktop\projects\getir\src\Application\Application.csproj]
C:\Users\osmanali.aydemir\Desktop\projects\getir\src\Application\Services\Campaigns\CampaignService.cs(26,19): warning CA1062: D─▒┼şar─▒dan g├Âr├╝nen 'Task<Result<PagedResult<CampaignResponse>>> CampaignService.GetActiveCampaignsAsync(PaginationQuery query, CancellationToken cancellationToken = default(CancellationToken))' metodunda 'query' parametresini kullanmadan ├Ânce parametrenin null olmad─▒─ş─▒n─▒ do─şrulay─▒n. Uygunsa ba─ş─▒ms─▒z de─şi┼şken null oldu─şunda bir ÔÇİArgumentNullExceptionÔÇÖ olu┼şturun. (https://learn.microsoft.com/dotnet/fundamentals/code-analysis/quality-rules/ca1062) [C:\Users\osmanali.aydemir\Desktop\projects\getir\src\Application\Application.csproj]
C:\Users\osmanali.aydemir\Desktop\projects\getir\src\Application\Services\ServiceCategories\ServiceCategoryService.cs(25,19): warning CA1062: D─▒┼şar─▒dan g├Âr├╝nen 'Task<Result<PagedResult<ServiceCategoryResponse>>> ServiceCategoryService.GetServiceCategoriesAsync(PaginationQuery query, CancellationToken cancellationToken = default(CancellationToken))' metodunda 'query' parametresini kullanmadan ├Ânce parametrenin null olmad─▒─ş─▒n─▒ do─şrulay─▒n. Uygunsa ba─ş─▒ms─▒z de─şi┼şken null oldu─şunda bir ÔÇİArgumentNullExceptionÔÇÖ olu┼şturun. (https://learn.microsoft.com/dotnet/fundamentals/code-analysis/quality-rules/ca1062) [C:\Users\osmanali.aydemir\Desktop\projects\getir\src\Application\Application.csproj]
C:\Users\osmanali.aydemir\Desktop\projects\getir\src\Application\Services\Auth\AuthService.cs(45,21): warning CA1062: D─▒┼şar─▒dan g├Âr├╝nen 'Task<Result<AuthResponse>> AuthService.RegisterAsync(RegisterRequest request, CancellationToken cancellationToken = default(CancellationToken))' metodunda 'request' parametresini kullanmadan ├Ânce parametrenin null olmad─▒─ş─▒n─▒ do─şrulay─▒n. Uygunsa ba─ş─▒ms─▒z de─şi┼şken null oldu─şunda bir ÔÇİArgumentNullExceptionÔÇÖ olu┼şturun. (https://learn.microsoft.com/dotnet/fundamentals/code-analysis/quality-rules/ca1062) [C:\Users\osmanali.aydemir\Desktop\projects\getir\src\Application\Application.csproj]
C:\Users\osmanali.aydemir\Desktop\projects\getir\src\Application\Services\ServiceCategories\ServiceCategoryService.cs(81,20): warning CA1062: D─▒┼şar─▒dan g├Âr├╝nen 'Task<Result<ServiceCategoryResponse>> ServiceCategoryService.CreateServiceCategoryAsync(CreateServiceCategoryRequest request, CancellationToken cancellationToken = default(CancellationToken))' metodunda 'request' parametresini kullanmadan ├Ânce parametrenin null olmad─▒─ş─▒n─▒ do─şrulay─▒n. Uygunsa ba─ş─▒ms─▒z de─şi┼şken null oldu─şunda bir ÔÇİArgumentNullExceptionÔÇÖ olu┼şturun. (https://learn.microsoft.com/dotnet/fundamentals/code-analysis/quality-rules/ca1062) [C:\Users\osmanali.aydemir\Desktop\projects\getir\src\Application\Application.csproj]
C:\Users\osmanali.aydemir\Desktop\projects\getir\src\Application\Services\Coupons\CouponService.cs(27,92): warning CA1062: D─▒┼şar─▒dan g├Âr├╝nen 'Task<Result<CouponValidationResponse>> CouponService.ValidateCouponAsync(Guid userId, ValidateCouponRequest request, CancellationToken cancellationToken = default(CancellationToken))' metodunda 'request' parametresini kullanmadan ├Ânce parametrenin null olmad─▒─ş─▒n─▒ do─şrulay─▒n. Uygunsa ba─ş─▒ms─▒z de─şi┼şken null oldu─şunda bir ÔÇİArgumentNullExceptionÔÇÖ olu┼şturun. (https://learn.microsoft.com/dotnet/fundamentals/code-analysis/quality-rules/ca1062) [C:\Users\osmanali.aydemir\Desktop\projects\getir\src\Application\Application.csproj]
C:\Users\osmanali.aydemir\Desktop\projects\getir\src\Application\Services\Addresses\UserAddressService.cs(104,25): warning CA1062: D─▒┼şar─▒dan g├Âr├╝nen 'Task<Result<AddressResponse>> UserAddressService.UpdateAddressAsync(Guid userId, Guid addressId, UpdateAddressRequest request, CancellationToken cancellationToken = default(CancellationToken))' metodunda 'request' parametresini kullanmadan ├Ânce parametrenin null olmad─▒─ş─▒n─▒ do─şrulay─▒n. Uygunsa ba─ş─▒ms─▒z de─şi┼şken null oldu─şunda bir ÔÇİArgumentNullExceptionÔÇÖ olu┼şturun. (https://learn.microsoft.com/dotnet/fundamentals/code-analysis/quality-rules/ca1062) [C:\Users\osmanali.aydemir\Desktop\projects\getir\src\Application\Application.csproj]
C:\Users\osmanali.aydemir\Desktop\projects\getir\src\Application\Services\Couriers\CourierService.cs(28,19): warning CA1062: D─▒┼şar─▒dan g├Âr├╝nen 'Task<Result<PagedResult<CourierOrderResponse>>> CourierService.GetAssignedOrdersAsync(Guid courierId, PaginationQuery query, CancellationToken cancellationToken = default(CancellationToken))' metodunda 'query' parametresini kullanmadan ├Ânce parametrenin null olmad─▒─ş─▒n─▒ do─şrulay─▒n. Uygunsa ba─ş─▒ms─▒z de─şi┼şken null oldu─şunda bir ÔÇİArgumentNullExceptionÔÇÖ olu┼şturun. (https://learn.microsoft.com/dotnet/fundamentals/code-analysis/quality-rules/ca1062) [C:\Users\osmanali.aydemir\Desktop\projects\getir\src\Application\Application.csproj]
C:\Users\osmanali.aydemir\Desktop\projects\getir\src\Application\Services\Coupons\CouponService.cs(81,20): warning CA1062: D─▒┼şar─▒dan g├Âr├╝nen 'Task<Result<CouponResponse>> CouponService.CreateCouponAsync(CreateCouponRequest request, CancellationToken cancellationToken = default(CancellationToken))' metodunda 'request' parametresini kullanmadan ├Ânce parametrenin null olmad─▒─ş─▒n─▒ do─şrulay─▒n. Uygunsa ba─ş─▒ms─▒z de─şi┼şken null oldu─şunda bir ÔÇİArgumentNullExceptionÔÇÖ olu┼şturun. (https://learn.microsoft.com/dotnet/fundamentals/code-analysis/quality-rules/ca1062) [C:\Users\osmanali.aydemir\Desktop\projects\getir\src\Application\Application.csproj]
C:\Users\osmanali.aydemir\Desktop\projects\getir\src\Application\Services\Couriers\CourierService.cs(105,31): warning CA1062: D─▒┼şar─▒dan g├Âr├╝nen 'Task<Result> CourierService.SetAvailabilityAsync(Guid courierId, SetAvailabilityRequest request, CancellationToken cancellationToken = default(CancellationToken))' metodunda 'request' parametresini kullanmadan ├Ânce parametrenin null olmad─▒─ş─▒n─▒ do─şrulay─▒n. Uygunsa ba─ş─▒ms─▒z de─şi┼şken null oldu─şunda bir ÔÇİArgumentNullExceptionÔÇÖ olu┼şturun. (https://learn.microsoft.com/dotnet/fundamentals/code-analysis/quality-rules/ca1062) [C:\Users\osmanali.aydemir\Desktop\projects\getir\src\Application\Application.csproj]
C:\Users\osmanali.aydemir\Desktop\projects\getir\src\Application\Services\Merchants\MerchantService.cs(24,24): warning CA1062: D─▒┼şar─▒dan g├Âr├╝nen 'Task<Result<PagedResult<MerchantResponse>>> MerchantService.GetMerchantsAsync(PaginationQuery query, CancellationToken cancellationToken = default(CancellationToken))' metodunda 'query' parametresini kullanmadan ├Ânce parametrenin null olmad─▒─ş─▒n─▒ do─şrulay─▒n. Uygunsa ba─ş─▒ms─▒z de─şi┼şken null oldu─şunda bir ÔÇİArgumentNullExceptionÔÇÖ olu┼şturun. (https://learn.microsoft.com/dotnet/fundamentals/code-analysis/quality-rules/ca1062) [C:\Users\osmanali.aydemir\Desktop\projects\getir\src\Application\Application.csproj]
C:\Users\osmanali.aydemir\Desktop\projects\getir\src\Application\Services\Couriers\CourierService.cs(64,35): warning CA1062: D─▒┼şar─▒dan g├Âr├╝nen 'Task<Result> CourierService.UpdateLocationAsync(Guid courierId, CourierLocationUpdateRequest request, CancellationToken cancellationToken = default(CancellationToken))' metodunda 'request' parametresini kullanmadan ├Ânce parametrenin null olmad─▒─ş─▒n─▒ do─şrulay─▒n. Uygunsa ba─ş─▒ms─▒z de─şi┼şken null oldu─şunda bir ÔÇİArgumentNullExceptionÔÇÖ olu┼şturun. (https://learn.microsoft.com/dotnet/fundamentals/code-analysis/quality-rules/ca1062) [C:\Users\osmanali.aydemir\Desktop\projects\getir\src\Application\Application.csproj]
C:\Users\osmanali.aydemir\Desktop\projects\getir\src\Application\Services\ServiceCategories\ServiceCategoryService.cs(120,25): warning CA1062: D─▒┼şar─▒dan g├Âr├╝nen 'Task<Result<ServiceCategoryResponse>> ServiceCategoryService.UpdateServiceCategoryAsync(Guid id, UpdateServiceCategoryRequest request, CancellationToken cancellationToken = default(CancellationToken))' metodunda 'request' parametresini kullanmadan ├Ânce parametrenin null olmad─▒─ş─▒n─▒ do─şrulay─▒n. Uygunsa ba─ş─▒ms─▒z de─şi┼şken null oldu─şunda bir ÔÇİArgumentNullExceptionÔÇÖ olu┼şturun. (https://learn.microsoft.com/dotnet/fundamentals/code-analysis/quality-rules/ca1062) [C:\Users\osmanali.aydemir\Desktop\projects\getir\src\Application\Application.csproj]
C:\Users\osmanali.aydemir\Desktop\projects\getir\src\Application\Services\Auth\AuthService.cs(105,45): warning CA1062: D─▒┼şar─▒dan g├Âr├╝nen 'Task<Result<AuthResponse>> AuthService.LoginAsync(LoginRequest request, CancellationToken cancellationToken = default(CancellationToken))' metodunda 'request' parametresini kullanmadan ├Ânce parametrenin null olmad─▒─ş─▒n─▒ do─şrulay─▒n. Uygunsa ba─ş─▒ms─▒z de─şi┼şken null oldu─şunda bir ÔÇİArgumentNullExceptionÔÇÖ olu┼şturun. (https://learn.microsoft.com/dotnet/fundamentals/code-analysis/quality-rules/ca1062) [C:\Users\osmanali.aydemir\Desktop\projects\getir\src\Application\Application.csproj]
C:\Users\osmanali.aydemir\Desktop\projects\getir\src\Application\Services\Coupons\CouponService.cs(126,19): warning CA1062: D─▒┼şar─▒dan g├Âr├╝nen 'Task<Result<PagedResult<CouponResponse>>> CouponService.GetCouponsAsync(PaginationQuery query, CancellationToken cancellationToken = default(CancellationToken))' metodunda 'query' parametresini kullanmadan ├Ânce parametrenin null olmad─▒─ş─▒n─▒ do─şrulay─▒n. Uygunsa ba─ş─▒ms─▒z de─şi┼şken null oldu─şunda bir ÔÇİArgumentNullExceptionÔÇÖ olu┼şturun. (https://learn.microsoft.com/dotnet/fundamentals/code-analysis/quality-rules/ca1062) [C:\Users\osmanali.aydemir\Desktop\projects\getir\src\Application\Application.csproj]
C:\Users\osmanali.aydemir\Desktop\projects\getir\src\Application\Services\Notifications\NotificationService.cs(28,19): warning CA1062: D─▒┼şar─▒dan g├Âr├╝nen 'Task<Result<PagedResult<NotificationResponse>>> NotificationService.GetUserNotificationsAsync(Guid userId, PaginationQuery query, CancellationToken cancellationToken = default(CancellationToken))' metodunda 'query' parametresini kullanmadan ├Ânce parametrenin null olmad─▒─ş─▒n─▒ do─şrulay─▒n. Uygunsa ba─ş─▒ms─▒z de─şi┼şken null oldu─şunda bir ÔÇİArgumentNullExceptionÔÇÖ olu┼şturun. (https://learn.microsoft.com/dotnet/fundamentals/code-analysis/quality-rules/ca1062) [C:\Users\osmanali.aydemir\Desktop\projects\getir\src\Application\Application.csproj]
C:\Users\osmanali.aydemir\Desktop\projects\getir\src\Application\Services\Notifications\NotificationService.cs(81,22): warning CA1062: D─▒┼şar─▒dan g├Âr├╝nen 'Task<Result<NotificationResponse>> NotificationService.CreateNotificationAsync(CreateNotificationRequest request, CancellationToken cancellationToken = default(CancellationToken))' metodunda 'request' parametresini kullanmadan ├Ânce parametrenin null olmad─▒─ş─▒n─▒ do─şrulay─▒n. Uygunsa ba─ş─▒ms─▒z de─şi┼şken null oldu─şunda bir ÔÇİArgumentNullExceptionÔÇÖ olu┼şturun. (https://learn.microsoft.com/dotnet/fundamentals/code-analysis/quality-rules/ca1062) [C:\Users\osmanali.aydemir\Desktop\projects\getir\src\Application\Application.csproj]
C:\Users\osmanali.aydemir\Desktop\projects\getir\src\Application\Services\Merchants\MerchantService.cs(120,20): warning CA1062: D─▒┼şar─▒dan g├Âr├╝nen 'Task<Result<MerchantResponse>> MerchantService.CreateMerchantAsync(CreateMerchantRequest request, Guid ownerId, CancellationToken cancellationToken = default(CancellationToken))' metodunda 'request' parametresini kullanmadan ├Ânce parametrenin null olmad─▒─ş─▒n─▒ do─şrulay─▒n. Uygunsa ba─ş─▒ms─▒z de─şi┼şken null oldu─şunda bir ÔÇİArgumentNullExceptionÔÇÖ olu┼şturun. (https://learn.microsoft.com/dotnet/fundamentals/code-analysis/quality-rules/ca1062) [C:\Users\osmanali.aydemir\Desktop\projects\getir\src\Application\Application.csproj]
C:\Users\osmanali.aydemir\Desktop\projects\getir\src\Application\Services\Merchants\MerchantService.cs(187,25): warning CA1062: D─▒┼şar─▒dan g├Âr├╝nen 'Task<Result<MerchantResponse>> MerchantService.UpdateMerchantAsync(Guid id, UpdateMerchantRequest request, Guid currentUserId, CancellationToken cancellationToken = default(CancellationToken))' metodunda 'request' parametresini kullanmadan ├Ânce parametrenin null olmad─▒─ş─▒n─▒ do─şrulay─▒n. Uygunsa ba─ş─▒ms─▒z de─şi┼şken null oldu─şunda bir ÔÇİArgumentNullExceptionÔÇÖ olu┼şturun. (https://learn.microsoft.com/dotnet/fundamentals/code-analysis/quality-rules/ca1062) [C:\Users\osmanali.aydemir\Desktop\projects\getir\src\Application\Application.csproj]
C:\Users\osmanali.aydemir\Desktop\projects\getir\src\Application\Services\Cart\CartService.cs(148,29): warning CA1062: D─▒┼şar─▒dan g├Âr├╝nen 'Task<Result<CartItemResponse>> CartService.UpdateItemAsync(Guid userId, Guid itemId, UpdateCartItemRequest request, CancellationToken cancellationToken = default(CancellationToken))' metodunda 'request' parametresini kullanmadan ├Ânce parametrenin null olmad─▒─ş─▒n─▒ do─şrulay─▒n. Uygunsa ba─ş─▒ms─▒z de─şi┼şken null oldu─şunda bir ÔÇİArgumentNullExceptionÔÇÖ olu┼şturun. (https://learn.microsoft.com/dotnet/fundamentals/code-analysis/quality-rules/ca1062) [C:\Users\osmanali.aydemir\Desktop\projects\getir\src\Application\Application.csproj]
C:\Users\osmanali.aydemir\Desktop\projects\getir\src\Application\Services\ProductCategories\ProductCategoryService.cs(100,13): warning CA1062: D─▒┼şar─▒dan g├Âr├╝nen 'Task<Result<ProductCategoryResponse>> ProductCategoryService.CreateProductCategoryAsync(CreateProductCategoryRequest request, Guid merchantId, CancellationToken cancellationToken = default(CancellationToken))' metodunda 'request' parametresini kullanmadan ├Ânce parametrenin null olmad─▒─ş─▒n─▒ do─şrulay─▒n. Uygunsa ba─ş─▒ms─▒z de─şi┼şken null oldu─şunda bir ÔÇİArgumentNullExceptionÔÇÖ olu┼şturun. (https://learn.microsoft.com/dotnet/fundamentals/code-analysis/quality-rules/ca1062) [C:\Users\osmanali.aydemir\Desktop\projects\getir\src\Application\Application.csproj]
C:\Users\osmanali.aydemir\Desktop\projects\getir\src\Application\Services\Cart\CartService.cs(69,80): warning CA1062: D─▒┼şar─▒dan g├Âr├╝nen 'Task<Result<CartItemResponse>> CartService.AddItemAsync(Guid userId, AddToCartRequest request, CancellationToken cancellationToken = default(CancellationToken))' metodunda 'request' parametresini kullanmadan ├Ânce parametrenin null olmad─▒─ş─▒n─▒ do─şrulay─▒n. Uygunsa ba─ş─▒ms─▒z de─şi┼şken null oldu─şunda bir ÔÇİArgumentNullExceptionÔÇÖ olu┼şturun. (https://learn.microsoft.com/dotnet/fundamentals/code-analysis/quality-rules/ca1062) [C:\Users\osmanali.aydemir\Desktop\projects\getir\src\Application\Application.csproj]
C:\Users\osmanali.aydemir\Desktop\projects\getir\src\Application\Services\Products\ProductService.cs(26,19): warning CA1062: D─▒┼şar─▒dan g├Âr├╝nen 'Task<Result<PagedResult<ProductResponse>>> ProductService.GetProductsByMerchantAsync(Guid merchantId, PaginationQuery query, CancellationToken cancellationToken = default(CancellationToken))' metodunda 'query' parametresini kullanmadan ├Ânce parametrenin null olmad─▒─ş─▒n─▒ do─şrulay─▒n. Uygunsa ba─ş─▒ms─▒z de─şi┼şken null oldu─şunda bir ÔÇİArgumentNullExceptionÔÇÖ olu┼şturun. (https://learn.microsoft.com/dotnet/fundamentals/code-analysis/quality-rules/ca1062) [C:\Users\osmanali.aydemir\Desktop\projects\getir\src\Application\Application.csproj]
C:\Users\osmanali.aydemir\Desktop\projects\getir\src\Application\Services\Search\SearchService.cs(30,19): warning CA1062: D─▒┼şar─▒dan g├Âr├╝nen 'Task<Result<PagedResult<ProductResponse>>> SearchService.SearchProductsAsync(SearchProductsQuery query, CancellationToken cancellationToken = default(CancellationToken))' metodunda 'query' parametresini kullanmadan ├Ânce parametrenin null olmad─▒─ş─▒n─▒ do─şrulay─▒n. Uygunsa ba─ş─▒ms─▒z de─şi┼şken null oldu─şunda bir ÔÇİArgumentNullExceptionÔÇÖ olu┼şturun. (https://learn.microsoft.com/dotnet/fundamentals/code-analysis/quality-rules/ca1062) [C:\Users\osmanali.aydemir\Desktop\projects\getir\src\Application\Application.csproj]
C:\Users\osmanali.aydemir\Desktop\projects\getir\src\Application\Services\Products\ProductService.cs(153,24): warning CA1062: D─▒┼şar─▒dan g├Âr├╝nen 'Task<Result<ProductResponse>> ProductService.UpdateProductAsync(Guid id, UpdateProductRequest request, CancellationToken cancellationToken = default(CancellationToken))' metodunda 'request' parametresini kullanmadan ├Ânce parametrenin null olmad─▒─ş─▒n─▒ do─şrulay─▒n. Uygunsa ba─ş─▒ms─▒z de─şi┼şken null oldu─şunda bir ÔÇİArgumentNullExceptionÔÇÖ olu┼şturun. (https://learn.microsoft.com/dotnet/fundamentals/code-analysis/quality-rules/ca1062) [C:\Users\osmanali.aydemir\Desktop\projects\getir\src\Application\Application.csproj]
C:\Users\osmanali.aydemir\Desktop\projects\getir\src\Application\Services\Products\ProductService.cs(101,26): warning CA1062: D─▒┼şar─▒dan g├Âr├╝nen 'Task<Result<ProductResponse>> ProductService.CreateProductAsync(CreateProductRequest request, CancellationToken cancellationToken = default(CancellationToken))' metodunda 'request' parametresini kullanmadan ├Ânce parametrenin null olmad─▒─ş─▒n─▒ do─şrulay─▒n. Uygunsa ba─ş─▒ms─▒z de─şi┼şken null oldu─şunda bir ÔÇİArgumentNullExceptionÔÇÖ olu┼şturun. (https://learn.microsoft.com/dotnet/fundamentals/code-analysis/quality-rules/ca1062) [C:\Users\osmanali.aydemir\Desktop\projects\getir\src\Application\Application.csproj]
C:\Users\osmanali.aydemir\Desktop\projects\getir\src\Application\Services\Search\SearchService.cs(71,19): warning CA1062: D─▒┼şar─▒dan g├Âr├╝nen 'Task<Result<PagedResult<MerchantResponse>>> SearchService.SearchMerchantsAsync(SearchMerchantsQuery query, CancellationToken cancellationToken = default(CancellationToken))' metodunda 'query' parametresini kullanmadan ├Ânce parametrenin null olmad─▒─ş─▒n─▒ do─şrulay─▒n. Uygunsa ba─ş─▒ms─▒z de─şi┼şken null oldu─şunda bir ÔÇİArgumentNullExceptionÔÇÖ olu┼şturun. (https://learn.microsoft.com/dotnet/fundamentals/code-analysis/quality-rules/ca1062) [C:\Users\osmanali.aydemir\Desktop\projects\getir\src\Application\Application.csproj]
C:\Users\osmanali.aydemir\Desktop\projects\getir\src\Application\Services\ProductCategories\ProductCategoryService.cs(178,13): warning CA1062: D─▒┼şar─▒dan g├Âr├╝nen 'Task<Result<ProductCategoryResponse>> ProductCategoryService.UpdateProductCategoryAsync(Guid id, UpdateProductCategoryRequest request, Guid currentUserId, CancellationToken cancellationToken = default(CancellationToken))' metodunda 'request' parametresini kullanmadan ├Ânce parametrenin null olmad─▒─ş─▒n─▒ do─şrulay─▒n. Uygunsa ba─ş─▒ms─▒z de─şi┼şken null oldu─şunda bir ÔÇİArgumentNullExceptionÔÇÖ olu┼şturun. (https://learn.microsoft.com/dotnet/fundamentals/code-analysis/quality-rules/ca1062) [C:\Users\osmanali.aydemir\Desktop\projects\getir\src\Application\Application.csproj]
C:\Users\osmanali.aydemir\Desktop\projects\getir\src\Application\Services\Orders\OrderService.cs(233,24): warning CA1062: D─▒┼şar─▒dan g├Âr├╝nen 'Task<Result<PagedResult<OrderResponse>>> OrderService.GetUserOrdersAsync(Guid userId, PaginationQuery query, CancellationToken cancellationToken = default(CancellationToken))' metodunda 'query' parametresini kullanmadan ├Ânce parametrenin null olmad─▒─ş─▒n─▒ do─şrulay─▒n. Uygunsa ba─ş─▒ms─▒z de─şi┼şken null oldu─şunda bir ÔÇİArgumentNullExceptionÔÇÖ olu┼şturun. (https://learn.microsoft.com/dotnet/fundamentals/code-analysis/quality-rules/ca1062) [C:\Users\osmanali.aydemir\Desktop\projects\getir\src\Application\Application.csproj]
C:\Users\osmanali.aydemir\Desktop\projects\getir\src\Application\Services\Orders\OrderService.cs(42,34): warning CA1062: D─▒┼şar─▒dan g├Âr├╝nen 'Task<Result<OrderResponse>> OrderService.CreateOrderAsync(Guid userId, CreateOrderRequest request, CancellationToken cancellationToken = default(CancellationToken))' metodunda 'request' parametresini kullanmadan ├Ânce parametrenin null olmad─▒─ş─▒n─▒ do─şrulay─▒n. Uygunsa ba─ş─▒ms─▒z de─şi┼şken null oldu─şunda bir ÔÇİArgumentNullExceptionÔÇÖ olu┼şturun. (https://learn.microsoft.com/dotnet/fundamentals/code-analysis/quality-rules/ca1062) [C:\Users\osmanali.aydemir\Desktop\projects\getir\src\Application\Application.csproj]
C:\Users\osmanali.aydemir\Desktop\projects\getir\src\Application\Validators\MerchantValidators.cs(14,24): error CS1061: 'CreateMerchantRequest' bir 'CategoryId' tan─▒m─▒ i├ğermiyor ve 'CreateMerchantRequest' t├╝r├╝nde bir ilk ba─ş─▒ms─▒z de─şi┼şken kabul eden hi├ğbir eri┼şilebilir 'CategoryId' geni┼şletme y├Ântemi bulunamad─▒ (bir kullanma y├Ânergeniz veya derleme ba┼şvurunuz eksik olabilir mi?) [C:\Users\osmanali.aydemir\Desktop\projects\getir\src\Application\Application.csproj]
    33 Uyar─▒
    1 Hata

Ge├ğen S├╝re 00:00:11.78
